
> Configure project :
Fabric Loom: 1.15.3

> Task :compileJava

BUILD SUCCESSFUL in 1s
1 actionable task: 1 executed
